[phydev.web44.net/flame/index-1.html]
[backblue.gif]
[fade.gif]
[index.html]
[phydev.web44.net/flame/css/magnific-popup.css]
[phydev.web44.net/flame/css/owl.carousel.min.css]
[phydev.web44.net/flame/css/etlinefont.min.css]
[phydev.web44.net/flame/css/font-awesome.min.css]
[phydev.web44.net/flame/css/bootstrap.min.css]
[phydev.web44.net/flame/img/favicone.ico]
[phydev.web44.net/flame/img/apple-favicon.png]
[phydev.web44.net/flame/img/apple-touch-icon-ipad.png]
[phydev.web44.net/flame/css/style.css]
[phydev.web44.net/flame/img/apple-touch-icon-iphone4.png]
[phydev.web44.net/flame/img/brand-img.png]
[phydev.web44.net/bamboo/img/about-img.jpg]
[phydev.web44.net/flame/img/title-splash.png]
[phydev.web44.net/flame/img/p-1.jpg]
[phydev.web44.net/flame/img/p-2.jpg]
[phydev.web44.net/flame/single-portfolio.html]
[phydev.web44.net/flame/img/p-3.jpg]
[phydev.web44.net/flame/img/p-5.jpg]
[phydev.web44.net/erizo/img/t-1.jpg]
[phydev.web44.net/erizo/img/t-6.jpg]
[phydev.web44.net/erizo/img/t-5.jpg]
[phydev.web44.net/flame/img/b-1.jpg]
[phydev.web44.net/flame/single-post.html]
[phydev.web44.net/wassabi/images/blogs/b-2.jpg]
[phydev.web44.net/flame/js/jquery.typer.js]
[phydev.web44.net/flame/js/bootstrap.min.js]
[phydev.web44.net/flame/js/jquery.countTo.js]
[phydev.web44.net/flame/js/jquery.magnific-popup.min.js]
[phydev.web44.net/flame/js/main.js]
[phydev.web44.net/flame/js/jquery.min.js]
[raw.githubusercontent.com/000webhost/logo/e9bd13f7/footer-powered-by-000webhost-white2.png]
[phydev.web44.net/flame/index-1.html]
[phydev.web44.net/flame/fonts/glyphicons-halflings-regular.eot]
[phydev.web44.net/flame/fonts/glyphicons-halflings-regulard41d.eot]
[phydev.web44.net/flame/fonts/glyphicons-halflings-regular.woff]
[phydev.web44.net/flame/fonts/glyphicons-halflings-regular.ttf]
[phydev.web44.net/flame/css/bootstrap.min.css]
[phydev.web44.net/flame/css/magnific-popup.css]
[phydev.web44.net/flame/css/owl.video.play.2a.delayed]
[phydev.web44.net/flame/css/owl.carousel.min.css]
[phydev.web44.net/flame/fonts/glyphicons-halflings-regular.svg]
[phydev.web44.net/flame/fonts/fontawesome-webfont3e6e.woff]
[phydev.web44.net/flame/css/font-awesome.min.css]
[phydev.web44.net/flame/fonts/fontawesome-webfont3e6e.svg]
[phydev.web44.net/flame/fonts/et-line.woff]
[phydev.web44.net/flame/fonts/et-line.ttf]
[phydev.web44.net/flame/fonts/fontawesome-webfont3e6e.eot]
[phydev.web44.net/flame/css/etlinefont.min.css]
[phydev.web44.net/flame/img/wave-1.png]
[phydev.web44.net/flame/fonts/fontawesome-webfontd41d.eot]
[phydev.web44.net/flame/img/home-img.jpg]
[phydev.web44.net/flame/img/home-t.jpg]
[phydev.web44.net/flame/img/home-z.jpg]
[phydev.web44.net/flame/fonts/et-line.svg]
[phydev.web44.net/azaro/img/home.jpg]
[phydev.web44.net/flame/css/style.css]
[phydev.web44.net/flame/img/wd-1.jpg]
[phydev.web44.net/flame/img/wd-2.jpg]
[phydev.web44.net/flame/img/wd-3.jpg]
[phydev.web44.net/flame/img/wd-5.jpg]
[phydev.web44.net/flame/single-portfolio.html]
[phydev.web44.net/flame/img/p-6.jpg]
[phydev.web44.net/flame/single-post.html]
[phydev.web44.net/flame/img/b-2.jpg]
[phydev.web44.net/flame/fonts/glyphicons-halflings-regular.svg]
[phydev.web44.net/flame/css/owl.video.play.html]
[phydev.web44.net/flame/fonts/fontawesome-webfont3e6e.html]
[phydev.web44.net/flame/fonts/fontawesome-webfont3e6e.svg]
[phydev.web44.net/flame/fonts/fontawesome-webfont3e6e.ttf]
[phydev.web44.net/flame/fonts/et-line.svg]
[phydev.web44.net/flame/img/home-s.jpg]
[phydev.web44.net/flame/fonts/et-line.eot]
[phydev.web44.net/flame/img/p-4.jpg]
[phydev.web44.net/flame/index.html]
[phydev.web44.net/wassabi/images/man-work-1.jpg]
[phydev.web44.net/flame/fonts/glyphicons-halflings-regular.woff2]
[phydev.web44.net/flame/img/home-w.jpg]
[phydev.web44.net/flame/img/ban-bg.jpg]
[phydev.web44.net/flame/img/demo-bg.jpg]
[phydev.web44.net/flame/img/d-1.jpg]
[phydev.web44.net/flame/index-skew.html]
[phydev.web44.net/flame/img/d-2.jpg]
[phydev.web44.net/flame/index-triangle.html]
[phydev.web44.net/flame/img/d-3.jpg]
[phydev.web44.net/flame/img/d-4.jpg]
[phydev.web44.net/flame/img/d-5.jpg]
[phydev.web44.net/flame/index-wave.html]
[phydev.web44.net/flame/img/d-6.jpg]
[phydev.web44.net/flame/index-clouds.html]
[phydev.web44.net/flame/img/dp-1.jpg]
[phydev.web44.net/flame/img/dp-2.jpg]
[phydev.web44.net/flame/index-particles-skew.html]
[phydev.web44.net/flame/index-particles.html]
[phydev.web44.net/flame/img/dp-3.jpg]
[phydev.web44.net/flame/index-particles-triangle.html]
[phydev.web44.net/flame/img/dp-4.jpg]
[phydev.web44.net/flame/index-particles-zigzag.html]
[phydev.web44.net/flame/img/dp-5.jpg]
[phydev.web44.net/flame/index-particles-wave.html]
[phydev.web44.net/flame/img/dp-6.jpg]
[phydev.web44.net/flame/index-particles-clouds.html]
[phydev.web44.net/flame/index-carousel.html]
[phydev.web44.net/flame/img/dc-1.jpg]
[phydev.web44.net/flame/index-carousel-skew.html]
[phydev.web44.net/flame/img/dc-2.jpg]
[phydev.web44.net/flame/img/dc-3.jpg]
[phydev.web44.net/flame/index-carousel-triangle.html]
[phydev.web44.net/flame/img/dc-4.jpg]
[phydev.web44.net/flame/index-carousel-zigzag.html]
[phydev.web44.net/flame/img/dc-5.jpg]
[phydev.web44.net/flame/index-carousel-wave.html]
[phydev.web44.net/flame/img/dc-6.jpg]
[phydev.web44.net/flame/img/dv-1.jpg]
[phydev.web44.net/flame/index-video.html]
[phydev.web44.net/flame/img/dv-2.jpg]
[phydev.web44.net/flame/index-video-skew.html]
[phydev.web44.net/flame/img/dv-3.jpg]
[phydev.web44.net/flame/index-video-triangle.html]
[phydev.web44.net/flame/index-video-zigzag.html]
[phydev.web44.net/flame/img/dv-4.jpg]
[phydev.web44.net/flame/img/dv-5.jpg]
[phydev.web44.net/flame/index-video-wave.html]
[phydev.web44.net/flame/img/dv-6.jpg]
[phydev.web44.net/flame/img/sp.jpg]
[phydev.web44.net/flame/img/sb.jpg]
[phydev.web44.net/flame/index.html]
[phydev.web44.net/flame/img/wd-4.jpg]
[phydev.web44.net/flame/index-video-clouds.html]
[phydev.web44.net/flame/js/owl.carousel.min.js]
[phydev.web44.net/flame/fonts/et-lined41d.eot]
[phydev.web44.net/flame/index-skew.html]
[phydev.web44.net/flame/index-triangle.html]
[phydev.web44.net/flame/index-wave.html]
[phydev.web44.net/flame/index-clouds.html]
[phydev.web44.net/flame/index-particles.html]
[phydev.web44.net/flame/index-particles-skew.html]
[phydev.web44.net/flame/index-particles-triangle.html]
[phydev.web44.net/flame/index-particles-zigzag.html]
[phydev.web44.net/flame/index-particles-wave.html]
[phydev.web44.net/flame/index-particles-clouds.html]
[phydev.web44.net/flame/index-carousel.html]
[phydev.web44.net/flame/index-carousel-skew.html]
[phydev.web44.net/flame/index-carousel-triangle.html]
[phydev.web44.net/flame/index-carousel-zigzag.html]
[phydev.web44.net/flame/index-carousel-wave.html]
[phydev.web44.net/flame/index-video.html]
[phydev.web44.net/flame/index-video-skew.html]
[phydev.web44.net/flame/index-video-triangle.html]
[phydev.web44.net/flame/index-video-zigzag.html]
[phydev.web44.net/flame/index-video-wave.html]
[phydev.web44.net/flame/index-video-clouds.html]
[phydev.web44.net/flame/index-zigzag.html]
[phydev.web44.net/flame/index-zigzag.html]
[phydev.web44.net/flame/js/particles.js]
[phydev.web44.net/flame/index-carousel-clouds.html]
[phydev.web44.net/flame/index-carousel-clouds.html]
