[preview.themeforest.net/item/konoha-clean-elegant-blog-template/full_screen_preview/21110291.html]
[backblue.gif]
[fade.gif]
[index.html]
[public-assets.envato-static.com/assets/market/core/index-8e883c2aedfd5ad9a2e6750ef97ffd69ddf3cabf73196cdbc4e9274377dbde14.css]
[public-assets.envato-static.com/assets/market/pages/preview/index-6da503d08aa5f43ac39ce104f6cabc796ea21e19547d1d8b441cb073c2e88d01.css]
[public-assets.envato-static.com/icons/themeforest.net/apple-touch-icon-72x72-precomposed.png]
[public-assets.envato-static.com/icons/themeforest.net/apple-touch-icon-114x114-precomposed.png]
[public-assets.envato-static.com/icons/themeforest.net/apple-touch-icon-144x144-precomposed.png]
[public-assets.envato-static.com/icons/themeforest.net/apple-touch-icon-precomposed.png]
[www.google-analytics.com/analytics.js]
[public-assets.envato-static.com/assets/market/pages/full_screen_preview/index-02e14d0665da0a16de816b0afeaf3b4de7b21f3331192bd25932d811549355b5.js]
[s.pinimg.com/ct/core.js]
[preview.themeforest.net/item/konoha-clean-elegant-blog-template/full_screen_preview/21110291.html]
[preview.themeforest.net/item/konoha-clean-elegant-blog-template/full_screen_preview/&quot;https_/themeforest.net/item/konoha-a-simple-elegant-wordpress-blog-the..._]
[public-assets.envato-static.com/assets/common/pagination_loader-8c6a70768e3d8135995dbd27307cb84e746eaa49ac295ffff4a86c3dec16a4e5.gif]
[public-assets.envato-static.com/assets/market/core/index-8e883c2aedfd5ad9a2e6750ef97ffd69ddf3cabf73196cdbc4e9274377dbde14.css]
[public-assets.envato-static.com/assets/market/pages/preview/index-6da503d08aa5f43ac39ce104f6cabc796ea21e19547d1d8b441cb073c2e88d01.css]
[preview.themeforest.net/item/konoha-clean-elegant-blog-template/full_screen_preview/linkid.js]
